// Vitest Snapshot v1, https://vitest.dev/guide/snapshot.html

exports[`Play List Item renders correctly 1`] = `
<div>
  <div
    class=""
  >
    <h1
      class="bg-white sm:mt-6 sm:ml-5"
    >
      Playlist
    </h1>
    <div
      class="sm:-mt-6 md:-mt-8 lg:-mt-5 xl:-mt-10"
    >
      <div
        class="song-div flex cursor-pointer rounded sm:mt-1 sm:mr-9 sm:ml-5"
        id="0"
      >
        <div
          class="font-medium sm:mt-8 xl:mt-14 2xl:mt-13"
        >
          <p
            class="desc-text uppercase"
          >
            Painted in Blue
          </p>
          <div
            class=""
          >
            <p
              class="text-crimson desc-text text-sm italic"
            >
              Soul Canvas
            </p>
          </div>
        </div>
        <div
          class="sm:mt-11 sm:mr-1 sm:ml-auto xl:mt-16 xl:mr-2 2xl:mr-110"
        >
          <p
            class="text-gray song-length font-medium"
          >
            05:55
          </p>
        </div>
      </div>
      <div
        class="song-div flex cursor-pointer rounded sm:mt-1 sm:mr-9 sm:ml-5"
        style="background-color: white;"
      >
        <div
          class="font-medium"
        >
          <p
            class="desc-text uppercase"
          >
            Tidal Drift
          </p>
          <div
            class=""
          >
            <p
              class="text-crimson desc-text text-sm italic"
            >
              Echoes of the Sea
            </p>
          </div>
        </div>
        <div
          class="xl:mr2 sm:mt-3 sm:mr-1 sm:ml-auto 2xl:mr-110"
        >
          <p
            class="text-gray song-length font-medium"
          >
            08:02
          </p>
        </div>
      </div>
      <div
        class="song-div flex cursor-pointer rounded sm:mt-1 sm:mr-9 sm:ml-5"
        style="background-color: white;"
      >
        <div
          class="font-medium"
        >
          <p
            class="desc-text uppercase"
          >
            Facing Shadows
          </p>
          <p
            class="text-crimson desc-text text-sm italic"
          >
            The Emberlight
          </p>
        </div>
        <div
          class="xl:mr2 sm:mt-3 sm:mr-1 sm:ml-auto 2xl:mr-110"
        >
          <p
            class="text-gray song-length font-medium"
          >
            03:01
          </p>
        </div>
      </div>
      <div
        class="song-div flex cursor-pointer rounded sm:mt-1 sm:mr-9 sm:ml-5"
        style="background-color: white;"
      >
        <div
          class="font-medium"
        >
          <p
            class="desc-text text-base uppercase"
          >
            Cosmic Drift
          </p>
          <p
            class="text-crimson desc-text text-sm italic"
          >
            Solar Flare
          </p>
        </div>
        <div
          class="xl:mr2 sm:mt-3 sm:mr-1 sm:ml-auto 2xl:mr-110"
        >
          <p
            class="text-gray song-length font-medium"
          >
            05:01
          </p>
        </div>
      </div>
      <div
        class="song-div flex cursor-pointer rounded sm:mt-1 sm:mr-9 sm:ml-5"
        style="background-color: white;"
      >
        <div
          class="font-medium"
        >
          <p
            class="desc-text text-base uppercase"
          >
            Urban Seranade
          </p>
          <p
            class="text-crimson desc-text text-sm italic"
          >
            Midnight Groove
          </p>
        </div>
        <div
          class="xl:mr2 sm:mt-3 sm:mr-1 sm:ml-auto 2xl:mr-110"
        >
          <p
            class="text-gray song-length font-medium"
          >
            04:54
          </p>
        </div>
      </div>
      <div
        class="song-div flex cursor-pointer rounded sm:mt-1 sm:mr-9 sm:ml-5"
        style="background-color: white;"
      >
        <div
          class="font-medium"
        >
          <p
            class="desc-text text-base uppercase"
          >
            Whispers in the Wind
          </p>
          <p
            class="text-crimson desc-text text-sm italic"
          >
            Rust & Ruin
          </p>
        </div>
        <div
          class="xl:mr2 sm:mt-3 sm:mr-1 sm:ml-auto 2xl:mr-110"
        >
          <p
            class="text-gray song-length font-medium"
          >
            06:13
          </p>
        </div>
      </div>
      <div
        class="song-div flex cursor-pointer rounded sm:mt-1 sm:mr-9 sm:ml-5"
        style="background-color: white;"
      >
        <div
          class="font-medium"
        >
          <p
            class="desc-text text-base uppercase"
          >
            Electric Fever
          </p>
          <p
            class="text-crimson desc-text text-sm italic"
          >
            Neon Jungle
          </p>
        </div>
        <div
          class="xl:mr2 sm:mt-3 sm:mr-1 sm:ml-auto 2xl:mr-110"
        >
          <p
            class="text-gray song-length font-medium"
          >
            08:41
          </p>
        </div>
      </div>
      <div
        class="song-div flex cursor-pointer rounded sm:mt-1 sm:mr-9 sm:ml-5"
        style="background-color: white;"
      >
        <div
          class="font-medium"
        >
          <p
            class="desc-text text-base uppercase"
          >
            Electric Wildflower
          </p>
          <p
            class="text-crimson desc-text text-sm italic"
          >
            Velvet Ember
          </p>
        </div>
        <div
          class="xl:mr2 sm:mt-3 sm:mr-1 sm:ml-auto 2xl:mr-110"
        >
          <p
            class="text-gray song-length font-medium"
          >
            02:27
          </p>
        </div>
      </div>
      <div
        class="song-div flex cursor-pointer rounded sm:mt-1 sm:mr-9 sm:ml-5"
        style="background-color: white;"
      >
        <div
          class="font-medium"
        >
          <p
            class="desc-text text-base uppercase"
          >
            Golden Haze
          </p>
          <p
            class="text-crimson desc-text italic"
          >
            Velvet Waves
          </p>
        </div>
        <div
          class="xl:mr2 sm:mt-3 sm:mr-1 sm:ml-auto 2xl:mr-110"
        >
          <p
            class="text-gray song-length font-medium"
          >
            03:15
          </p>
        </div>
      </div>
      <div
        class="rousong-div nded flex cursor-pointer sm:mt-1 sm:mr-9 sm:mb-5 sm:ml-5"
        style="background-color: white;"
      >
        <div
          class="font-medium"
        >
          <p
            class="desc-text text-base uppercase"
          >
            Shatter the Silence
          </p>
          <p
            class="text-crimson desc-text text-sm italic"
          >
            Thunderclap Echo
            o
          </p>
        </div>
        <div
          class="xl:mr2 sm:mt-3 sm:mr-1 sm:ml-auto 2xl:mr-110"
        >
          <p
            class="text-gray song-length font-medium"
          >
            08:22
          </p>
        </div>
      </div>
    </div>
  </div>
</div>
`;
